###############################################################################
#
# IAR ELF Linker V7.70.1.11437/W32 for ARM                02/Aug/2017  17:57:56
# Copyright 2007-2016 IAR Systems AB.
#
#    Output file  =  
#        C:\Users\Sabooh\Documents\GitHub\sprtmodule\wrking1\sp1ml_tst_v1\EWARM\sp1ml_tst_v1\Exe\sp1ml_tst_v1.out
#    Map file     =  
#        C:\Users\Sabooh\Documents\GitHub\sprtmodule\wrking1\sp1ml_tst_v1\EWARM\sp1ml_tst_v1\List\sp1ml_tst_v1.map
#    Command line =  
#        C:\Users\Sabooh\Documents\GitHub\sprtmodule\wrking1\sp1ml_tst_v1\EWARM\sp1ml_tst_v1\Obj\main.o
#        C:\Users\Sabooh\Documents\GitHub\sprtmodule\wrking1\sp1ml_tst_v1\EWARM\sp1ml_tst_v1\Obj\startup_stm32l151xb.o
#        C:\Users\Sabooh\Documents\GitHub\sprtmodule\wrking1\sp1ml_tst_v1\EWARM\sp1ml_tst_v1\Obj\stm32l1xx_hal.o
#        C:\Users\Sabooh\Documents\GitHub\sprtmodule\wrking1\sp1ml_tst_v1\EWARM\sp1ml_tst_v1\Obj\stm32l1xx_hal_cortex.o
#        C:\Users\Sabooh\Documents\GitHub\sprtmodule\wrking1\sp1ml_tst_v1\EWARM\sp1ml_tst_v1\Obj\stm32l1xx_hal_dma.o
#        C:\Users\Sabooh\Documents\GitHub\sprtmodule\wrking1\sp1ml_tst_v1\EWARM\sp1ml_tst_v1\Obj\stm32l1xx_hal_flash.o
#        C:\Users\Sabooh\Documents\GitHub\sprtmodule\wrking1\sp1ml_tst_v1\EWARM\sp1ml_tst_v1\Obj\stm32l1xx_hal_flash_ex.o
#        C:\Users\Sabooh\Documents\GitHub\sprtmodule\wrking1\sp1ml_tst_v1\EWARM\sp1ml_tst_v1\Obj\stm32l1xx_hal_flash_ramfunc.o
#        C:\Users\Sabooh\Documents\GitHub\sprtmodule\wrking1\sp1ml_tst_v1\EWARM\sp1ml_tst_v1\Obj\stm32l1xx_hal_gpio.o
#        C:\Users\Sabooh\Documents\GitHub\sprtmodule\wrking1\sp1ml_tst_v1\EWARM\sp1ml_tst_v1\Obj\stm32l1xx_hal_i2c.o
#        C:\Users\Sabooh\Documents\GitHub\sprtmodule\wrking1\sp1ml_tst_v1\EWARM\sp1ml_tst_v1\Obj\stm32l1xx_hal_msp.o
#        C:\Users\Sabooh\Documents\GitHub\sprtmodule\wrking1\sp1ml_tst_v1\EWARM\sp1ml_tst_v1\Obj\stm32l1xx_hal_pwr.o
#        C:\Users\Sabooh\Documents\GitHub\sprtmodule\wrking1\sp1ml_tst_v1\EWARM\sp1ml_tst_v1\Obj\stm32l1xx_hal_pwr_ex.o
#        C:\Users\Sabooh\Documents\GitHub\sprtmodule\wrking1\sp1ml_tst_v1\EWARM\sp1ml_tst_v1\Obj\stm32l1xx_hal_rcc.o
#        C:\Users\Sabooh\Documents\GitHub\sprtmodule\wrking1\sp1ml_tst_v1\EWARM\sp1ml_tst_v1\Obj\stm32l1xx_hal_rcc_ex.o
#        C:\Users\Sabooh\Documents\GitHub\sprtmodule\wrking1\sp1ml_tst_v1\EWARM\sp1ml_tst_v1\Obj\stm32l1xx_hal_spi.o
#        C:\Users\Sabooh\Documents\GitHub\sprtmodule\wrking1\sp1ml_tst_v1\EWARM\sp1ml_tst_v1\Obj\stm32l1xx_hal_spi_ex.o
#        C:\Users\Sabooh\Documents\GitHub\sprtmodule\wrking1\sp1ml_tst_v1\EWARM\sp1ml_tst_v1\Obj\stm32l1xx_hal_uart.o
#        C:\Users\Sabooh\Documents\GitHub\sprtmodule\wrking1\sp1ml_tst_v1\EWARM\sp1ml_tst_v1\Obj\stm32l1xx_it.o
#        C:\Users\Sabooh\Documents\GitHub\sprtmodule\wrking1\sp1ml_tst_v1\EWARM\sp1ml_tst_v1\Obj\system_stm32l1xx.o
#        --redirect _Printf=_PrintfFull --redirect _Scanf=_ScanfFull -o
#        C:\Users\Sabooh\Documents\GitHub\sprtmodule\wrking1\sp1ml_tst_v1\EWARM\sp1ml_tst_v1\Exe\sp1ml_tst_v1.out
#        --map
#        C:\Users\Sabooh\Documents\GitHub\sprtmodule\wrking1\sp1ml_tst_v1\EWARM\sp1ml_tst_v1\List\sp1ml_tst_v1.map
#        --config
#        C:\Users\Sabooh\Documents\GitHub\sprtmodule\wrking1\sp1ml_tst_v1\EWARM/stm32l151xb_flash.icf
#        --semihosting --entry __iar_program_start --vfe
#
###############################################################################

*******************************************************************************
*** RUNTIME MODEL ATTRIBUTES
***

CppFlavor       = *
__SystemLibrary = DLib


*******************************************************************************
*** PLACEMENT SUMMARY
***

"A0":  place at 0x08000000 { ro section .intvec };
"P1":  place in [from 0x08000000 to 0x0801ffff] { ro };
"P2":  place in [from 0x20000000 to 0x20003fff] { rw, block CSTACK, block HEAP };
initialize by copy { rw };

  Section            Kind        Address    Size  Object
  -------            ----        -------    ----  ------
"A0":                                       0xf4
  .intvec            ro code  0x08000000    0xf4  startup_stm32l151xb.o [1]
                            - 0x080000f4    0xf4

"P1":                                     0x2090
  .text              ro code  0x080000f4   0xa94  stm32l1xx_hal_i2c.o [1]
  .text              ro code  0x08000b88   0x20c  stm32l1xx_hal_msp.o [1]
  .text              ro code  0x08000d94   0x61c  stm32l1xx_hal_rcc.o [1]
  .text              ro code  0x080013b0     0x2  stm32l1xx_hal_i2c.o [1]
  .text              ro code  0x080013b2     0x2  stm32l1xx_hal_i2c.o [1]
  .text              ro code  0x080013b4     0x2  stm32l1xx_hal_i2c.o [1]
  .text              ro code  0x080013b6     0x2  stm32l1xx_hal_i2c.o [1]
  .text              ro code  0x080013b8     0x2  stm32l1xx_hal_i2c.o [1]
  .text              ro code  0x080013ba     0x2  stm32l1xx_hal_i2c.o [1]
  .text              ro code  0x080013bc     0x2  stm32l1xx_hal_i2c.o [1]
  .text              ro code  0x080013be     0x2  stm32l1xx_hal_i2c.o [1]
  .text              ro code  0x080013c0    0x4c  stm32l1xx_hal_dma.o [1]
  .text              ro code  0x0800140c     0x2  stm32l1xx_hal_i2c.o [1]
  .text              ro code  0x0800140e     0x2  stm32l1xx_hal_i2c.o [1]
  .text              ro code  0x08001410    0xde  stm32l1xx_hal_cortex.o [1]
  .text              ro code  0x080014f0   0x1a8  stm32l1xx_hal_gpio.o [1]
  .text              ro code  0x08001698     0xc  stm32l1xx_hal.o [1]
  .text              ro code  0x080016a4    0x28  stm32l1xx_hal.o [1]
  .text              ro code  0x080016cc   0x4e6  stm32l1xx_hal_uart.o [1]
  .text              ro code  0x08001bb2     0x2  stm32l1xx_hal_uart.o [1]
  .text              ro code  0x08001bb4     0x2  stm32l1xx_hal_uart.o [1]
  .text              ro code  0x08001bb6     0x2  stm32l1xx_hal_uart.o [1]
  .text              ro code  0x08001bb8   0x1ec  main.o [1]
  .text              ro code  0x08001da4    0x16  stm32l1xx_hal.o [1]
  .text              ro code  0x08001dba    0x74  stm32l1xx_hal_spi_ex.o [1]
  .text              ro code  0x08001e2e    0x18  stm32l1xx_hal.o [1]
  .text              ro code  0x08001e48    0xb8  stm32l1xx_hal_spi.o [1]
  .text              ro code  0x08001f00     0x2  stm32l1xx_hal_spi.o [1]
  .text              ro code  0x08001f04    0x64  system_stm32l1xx.o [1]
  .text              ro code  0x08001f68    0x50  stm32l1xx_it.o [1]
  .text              ro code  0x08001fb8    0x10  stm32l1xx_hal.o [1]
  .text              ro code  0x08001fc8    0x40  zero_init3.o [4]
  .text              ro code  0x08002008    0x2c  copy_init3.o [4]
  .text              ro code  0x08002034    0x28  data_init.o [4]
  .iar.init_table    const    0x0800205c    0x24  - Linker created -
  .text              ro code  0x08002080    0x1a  cmain.o [4]
  .text              ro code  0x0800209a     0x4  low_level_init.o [3]
  .text              ro code  0x0800209e     0x4  exit.o [3]
  .text              ro code  0x080020a4     0xa  cexit.o [4]
  .text              ro code  0x080020b0    0x14  exit.o [5]
  .text              ro code  0x080020c4    0x10  startup_stm32l151xb.o [1]
  .text              ro code  0x080020d4     0xc  cstartup_M.o [4]
  .rodata            const    0x080020e0     0x8  system_stm32l1xx.o [1]
  .text              ro code  0x080020e8     0x4  startup_stm32l151xb.o [1]
  .text              ro code  0x080020ec     0x4  startup_stm32l151xb.o [1]
  .text              ro code  0x080020f0     0x4  startup_stm32l151xb.o [1]
  .text              ro code  0x080020f4     0x4  startup_stm32l151xb.o [1]
  .text              ro code  0x080020f8     0x4  startup_stm32l151xb.o [1]
  .text              ro code  0x080020fc     0x4  startup_stm32l151xb.o [1]
  .text              ro code  0x08002100     0x4  startup_stm32l151xb.o [1]
  .text              ro code  0x08002104     0x4  startup_stm32l151xb.o [1]
  .text              ro code  0x08002108     0x4  startup_stm32l151xb.o [1]
  .text              ro code  0x0800210c     0x4  startup_stm32l151xb.o [1]
  .text              ro code  0x08002110     0x4  startup_stm32l151xb.o [1]
  .text              ro code  0x08002114     0x4  startup_stm32l151xb.o [1]
  .text              ro code  0x08002118     0x4  startup_stm32l151xb.o [1]
  .text              ro code  0x0800211c     0x4  startup_stm32l151xb.o [1]
  .text              ro code  0x08002120     0x4  startup_stm32l151xb.o [1]
  .text              ro code  0x08002124     0x4  startup_stm32l151xb.o [1]
  .text              ro code  0x08002128     0x4  startup_stm32l151xb.o [1]
  .text              ro code  0x0800212c     0x4  startup_stm32l151xb.o [1]
  .text              ro code  0x08002130     0x4  startup_stm32l151xb.o [1]
  .text              ro code  0x08002134     0x4  startup_stm32l151xb.o [1]
  .text              ro code  0x08002138     0x4  startup_stm32l151xb.o [1]
  .text              ro code  0x0800213c     0x4  startup_stm32l151xb.o [1]
  .text              ro code  0x08002140     0x4  startup_stm32l151xb.o [1]
  .text              ro code  0x08002144     0x4  startup_stm32l151xb.o [1]
  .text              ro code  0x08002148     0x4  startup_stm32l151xb.o [1]
  .text              ro code  0x0800214c     0x4  startup_stm32l151xb.o [1]
  .text              ro code  0x08002150     0x4  startup_stm32l151xb.o [1]
  .text              ro code  0x08002154     0x4  startup_stm32l151xb.o [1]
  .text              ro code  0x08002158     0x4  startup_stm32l151xb.o [1]
  .text              ro code  0x0800215c     0x4  startup_stm32l151xb.o [1]
  .text              ro code  0x08002160     0x4  startup_stm32l151xb.o [1]
  .text              ro code  0x08002164     0x4  startup_stm32l151xb.o [1]
  .text              ro code  0x08002168     0x4  startup_stm32l151xb.o [1]
  .text              ro code  0x0800216c     0x4  startup_stm32l151xb.o [1]
  .text              ro code  0x08002170     0x4  startup_stm32l151xb.o [1]
  .text              ro code  0x08002174     0x4  startup_stm32l151xb.o [1]
  .text              ro code  0x08002178     0x4  startup_stm32l151xb.o [1]
  .text              ro code  0x0800217c     0x4  startup_stm32l151xb.o [1]
  Initializer bytes  const    0x08002180     0x4  <for P2-1>
  .rodata            const    0x08002184     0x0  zero_init3.o [4]
  .rodata            const    0x08002184     0x0  copy_init3.o [4]
                            - 0x08002184  0x2090

"P2", part 1 of 3:                           0x4
  P2-1                        0x20000000     0x4  <Init block>
    .data            inited   0x20000000     0x4  system_stm32l1xx.o [1]
                            - 0x20000004     0x4

"P2", part 2 of 3:                         0x400
  CSTACK                      0x20000008   0x400  <Block>
    CSTACK           uninit   0x20000008   0x400  <Block tail>
                            - 0x20000408   0x400

"P2", part 3 of 3:                         0x148
  .bss               zero     0x20000408   0x144  main.o [1]
  .bss               zero     0x2000054c     0x4  stm32l1xx_hal.o [1]
                            - 0x20000550   0x148


*******************************************************************************
*** INIT TABLE
***

          Address     Size
          -------     ----
Zero (__iar_zero_init3)
    1 destination range, total size 0x148:
          0x20000408  0x148

Copy (__iar_copy_init3)
    1 source range, total size 0x4:
          0x08002180    0x4
    1 destination range, total size 0x4:
          0x20000000    0x4



*******************************************************************************
*** MODULE SUMMARY
***

    Module                  ro code  ro data  rw data
    ------                  -------  -------  -------
C:\Users\Sabooh\Documents\GitHub\sprtmodule\wrking1\sp1ml_tst_v1\EWARM\sp1ml_tst_v1\Obj: [1]
    main.o                      492               324
    startup_stm32l151xb.o       412
    stm32l1xx_hal.o             114                 4
    stm32l1xx_hal_cortex.o      222
    stm32l1xx_hal_dma.o          76
    stm32l1xx_hal_gpio.o        424
    stm32l1xx_hal_i2c.o       2 728
    stm32l1xx_hal_msp.o         524
    stm32l1xx_hal_rcc.o       1 564
    stm32l1xx_hal_spi.o         186
    stm32l1xx_hal_spi_ex.o      116
    stm32l1xx_hal_uart.o      1 260
    stm32l1xx_it.o               80
    system_stm32l1xx.o          100       12        4
    -------------------------------------------------
    Total:                    8 298       12      332

command line: [2]
    -------------------------------------------------
    Total:

dl7M_tlf.a: [3]
    exit.o                        4
    low_level_init.o              4
    -------------------------------------------------
    Total:                        8

rt7M_tl.a: [4]
    cexit.o                      10
    cmain.o                      26
    copy_init3.o                 44
    cstartup_M.o                 12
    data_init.o                  40
    zero_init3.o                 64
    -------------------------------------------------
    Total:                      196

shb_l.a: [5]
    exit.o                       20
    -------------------------------------------------
    Total:                       20

    Gaps                         10
    Linker created                        36    1 024
-----------------------------------------------------
    Grand Total:              8 532       48    1 356


*******************************************************************************
*** ENTRY LIST
***

Entry                      Address   Size  Type      Object
-----                      -------   ----  ----      ------
.iar.init_table$$Base   0x0800205c          --   Gb  - Linker created -
.iar.init_table$$Limit  0x08002080          --   Gb  - Linker created -
?main                   0x08002081         Code  Gb  cmain.o [4]
AHBPrescTable           0x08001f58   0x10  Data  Gb  system_stm32l1xx.o [1]
APBPrescTable           0x080020e0    0x8  Data  Gb  system_stm32l1xx.o [1]
BusFault_Handler        0x08001f6f    0x2  Code  Gb  stm32l1xx_it.o [1]
CSTACK$$Base            0x20000008          --   Gb  - Linker created -
CSTACK$$Limit           0x20000408          --   Gb  - Linker created -
DebugMon_Handler        0x08001f75    0x2  Code  Gb  stm32l1xx_it.o [1]
HAL_DMA_Abort_IT        0x080013c1   0x4c  Code  Gb  stm32l1xx_hal_dma.o [1]
HAL_Delay               0x08001e2f   0x18  Code  Wk  stm32l1xx_hal.o [1]
HAL_GPIO_Init           0x080014f1  0x16c  Code  Gb  stm32l1xx_hal_gpio.o [1]
HAL_GPIO_TogglePin      0x0800166f    0x8  Code  Gb  stm32l1xx_hal_gpio.o [1]
HAL_GPIO_WritePin       0x08001667    0x8  Code  Gb  stm32l1xx_hal_gpio.o [1]
HAL_GetTick             0x08001699    0xc  Code  Wk  stm32l1xx_hal.o [1]
HAL_I2C_AbortCpltCallback
                        0x0800140d    0x2  Code  Wk  stm32l1xx_hal_i2c.o [1]
HAL_I2C_AddrCallback    0x080013b1    0x2  Code  Wk  stm32l1xx_hal_i2c.o [1]
HAL_I2C_ER_IRQHandler   0x08000453   0xba  Code  Gb  stm32l1xx_hal_i2c.o [1]
HAL_I2C_EV_IRQHandler   0x08000227  0x208  Code  Gb  stm32l1xx_hal_i2c.o [1]
HAL_I2C_ErrorCallback   0x0800140f    0x2  Code  Wk  stm32l1xx_hal_i2c.o [1]
HAL_I2C_Init            0x080000f5  0x106  Code  Gb  stm32l1xx_hal_i2c.o [1]
HAL_I2C_ListenCpltCallback
                        0x080013bf    0x2  Code  Wk  stm32l1xx_hal_i2c.o [1]
HAL_I2C_MasterRxCpltCallback
                        0x080013bb    0x2  Code  Wk  stm32l1xx_hal_i2c.o [1]
HAL_I2C_MasterTxCpltCallback
                        0x080013b9    0x2  Code  Wk  stm32l1xx_hal_i2c.o [1]
HAL_I2C_MemRxCpltCallback
                        0x080013bd    0x2  Code  Wk  stm32l1xx_hal_i2c.o [1]
HAL_I2C_MemTxCpltCallback
                        0x080013b7    0x2  Code  Wk  stm32l1xx_hal_i2c.o [1]
HAL_I2C_MspInit         0x08000c31   0x56  Code  Gb  stm32l1xx_hal_msp.o [1]
HAL_I2C_SlaveRxCpltCallback
                        0x080013b5    0x2  Code  Wk  stm32l1xx_hal_i2c.o [1]
HAL_I2C_SlaveTxCpltCallback
                        0x080013b3    0x2  Code  Wk  stm32l1xx_hal_i2c.o [1]
HAL_IncTick             0x08001fb9   0x10  Code  Wk  stm32l1xx_hal.o [1]
HAL_Init                0x08001da5   0x16  Code  Gb  stm32l1xx_hal.o [1]
HAL_InitTick            0x080016a5   0x28  Code  Wk  stm32l1xx_hal.o [1]
HAL_MspInit             0x08000b89   0xa8  Code  Gb  stm32l1xx_hal_msp.o [1]
HAL_NVIC_EnableIRQ      0x0800147f    0xc  Code  Gb  stm32l1xx_hal_cortex.o [1]
HAL_NVIC_SetPriority    0x08001445   0x3a  Code  Gb  stm32l1xx_hal_cortex.o [1]
HAL_NVIC_SetPriorityGrouping
                        0x0800142b   0x1a  Code  Gb  stm32l1xx_hal_cortex.o [1]
HAL_RCC_ClockConfig     0x0800112b  0x134  Code  Gb  stm32l1xx_hal_rcc.o [1]
HAL_RCC_GetHCLKFreq     0x080012e1    0x6  Code  Gb  stm32l1xx_hal_rcc.o [1]
HAL_RCC_GetPCLK1Freq    0x080012e7   0x10  Code  Gb  stm32l1xx_hal_rcc.o [1]
HAL_RCC_GetPCLK2Freq    0x080012f7    0xe  Code  Gb  stm32l1xx_hal_rcc.o [1]
HAL_RCC_GetSysClockFreq
                        0x0800128d   0x54  Code  Gb  stm32l1xx_hal_rcc.o [1]
HAL_RCC_OscConfig       0x08000d95  0x360  Code  Gb  stm32l1xx_hal_rcc.o [1]
HAL_SPI_ErrorCallback   0x08001f01    0x2  Code  Wk  stm32l1xx_hal_spi.o [1]
HAL_SPI_IRQHandler      0x08001e49   0xb8  Code  Gb  stm32l1xx_hal_spi.o [1]
HAL_SPI_Init            0x08001dbb   0x74  Code  Gb  stm32l1xx_hal_spi_ex.o [1]
HAL_SPI_MspInit         0x08000c87   0x74  Code  Gb  stm32l1xx_hal_msp.o [1]
HAL_SYSTICK_CLKSourceConfig
                        0x080014bb   0x14  Code  Gb  stm32l1xx_hal_cortex.o [1]
HAL_SYSTICK_Callback    0x080014ed    0x2  Code  Wk  stm32l1xx_hal_cortex.o [1]
HAL_SYSTICK_Config      0x08001493   0x28  Code  Gb  stm32l1xx_hal_cortex.o [1]
HAL_SYSTICK_IRQHandler  0x080014e9    0x4  Code  Gb  stm32l1xx_hal_cortex.o [1]
HAL_UART_ErrorCallback  0x08001bb5    0x2  Code  Wk  stm32l1xx_hal_uart.o [1]
HAL_UART_IRQHandler     0x080017fd  0x10c  Code  Gb  stm32l1xx_hal_uart.o [1]
HAL_UART_Init           0x080016cd   0x22  Code  Gb  stm32l1xx_hal_uart.o [1]
HAL_UART_MspInit        0x08000d19   0x46  Code  Gb  stm32l1xx_hal_msp.o [1]
HAL_UART_RxCpltCallback
                        0x08001bb7    0x2  Code  Wk  stm32l1xx_hal_uart.o [1]
HAL_UART_Transmit       0x08001743   0x90  Code  Gb  stm32l1xx_hal_uart.o [1]
HAL_UART_TxCpltCallback
                        0x08001bb3    0x2  Code  Wk  stm32l1xx_hal_uart.o [1]
HardFault_Handler       0x08001f6b    0x2  Code  Gb  stm32l1xx_it.o [1]
I2C1_ER_IRQHandler      0x08001f8f    0x6  Code  Gb  stm32l1xx_it.o [1]
I2C1_EV_IRQHandler      0x08001f89    0x6  Code  Gb  stm32l1xx_it.o [1]
I2C_DMAAbort            0x08000b39   0x50  Code  Lc  stm32l1xx_hal_i2c.o [1]
I2C_ITError             0x08000a03   0xd6  Code  Lc  stm32l1xx_hal_i2c.o [1]
I2C_MasterReceive_BTF   0x080006cd   0x8a  Code  Lc  stm32l1xx_hal_i2c.o [1]
I2C_MasterReceive_RXNE  0x0800062d   0x94  Code  Lc  stm32l1xx_hal_i2c.o [1]
I2C_MasterTransmit_BTF  0x08000597   0x5c  Code  Lc  stm32l1xx_hal_i2c.o [1]
I2C_MasterTransmit_TXE  0x08000519   0x7e  Code  Lc  stm32l1xx_hal_i2c.o [1]
I2C_Master_ADDR         0x08000781  0x130  Code  Lc  stm32l1xx_hal_i2c.o [1]
I2C_Slave_AF            0x0800097b   0x6c  Code  Lc  stm32l1xx_hal_i2c.o [1]
I2C_Slave_STOPF         0x080008b1   0xaa  Code  Lc  stm32l1xx_hal_i2c.o [1]
MemManage_Handler       0x08001f6d    0x2  Code  Gb  stm32l1xx_it.o [1]
NMI_Handler             0x08001f69    0x2  Code  Gb  stm32l1xx_it.o [1]
NVIC_SetPriority        0x08001411   0x1a  Code  Lc  stm32l1xx_hal_cortex.o [1]
PLLMulTable             0x08001f4c    0xc  Data  Gb  system_stm32l1xx.o [1]
PendSV_Handler          0x08001f77    0x2  Code  Gb  stm32l1xx_it.o [1]
RCC_IRQHandler          0x08001f87    0x2  Code  Gb  stm32l1xx_it.o [1]
RCC_SetFlashLatencyFromMSIRange
                        0x0800130b   0x70  Code  Lc  stm32l1xx_hal_rcc.o [1]
Region$$Table$$Base     0x0800205c          --   Gb  - Linker created -
Region$$Table$$Limit    0x08002080          --   Gb  - Linker created -
SPI1_IRQHandler         0x08001f95    0x6  Code  Gb  stm32l1xx_it.o [1]
SPI2_IRQHandler         0x08001f9b    0x6  Code  Gb  stm32l1xx_it.o [1]
SVC_Handler             0x08001f73    0x2  Code  Gb  stm32l1xx_it.o [1]
SysTick_Handler         0x08001f79    0xe  Code  Gb  stm32l1xx_it.o [1]
SystemClock_Config      0x08001cff   0x7a  Code  Gb  main.o [1]
SystemCoreClock         0x20000000    0x4  Data  Gb  system_stm32l1xx.o [1]
SystemInit              0x08001f05   0x38  Code  Gb  system_stm32l1xx.o [1]
UART_Receive_IT         0x080019a3   0xa2  Code  Lc  stm32l1xx_hal_uart.o [1]
UART_SetConfig          0x08001a45  0x130  Code  Lc  stm32l1xx_hal_uart.o [1]
UART_WaitOnFlagUntilTimeout
                        0x08001909   0x8a  Code  Lc  stm32l1xx_hal_uart.o [1]
USART1_IRQHandler       0x08001fa1    0x6  Code  Gb  stm32l1xx_it.o [1]
UsageFault_Handler      0x08001f71    0x2  Code  Gb  stm32l1xx_it.o [1]
__cmain                 0x08002081         Code  Gb  cmain.o [4]
__exit                  0x080020b1   0x14  Code  Gb  exit.o [5]
__iar_copy_init3        0x08002009   0x2c  Code  Gb  copy_init3.o [4]
__iar_data_init3        0x08002035   0x28  Code  Gb  data_init.o [4]
__iar_program_start     0x080020d5         Code  Gb  cstartup_M.o [4]
__iar_zero_init3        0x08001fc9   0x40  Code  Gb  zero_init3.o [4]
__low_level_init        0x0800209b    0x4  Code  Gb  low_level_init.o [3]
__vector_table          0x08000000         Data  Gb  startup_stm32l151xb.o [1]
_call_main              0x0800208d         Code  Gb  cmain.o [4]
_exit                   0x080020a5         Code  Gb  cexit.o [4]
_main                   0x08002097         Code  Gb  cmain.o [4]
exit                    0x0800209f    0x4  Code  Gb  exit.o [3]
hi2c1                   0x200004b8   0x54  Data  Gb  main.o [1]
hspi1                   0x20000408   0x58  Data  Gb  main.o [1]
hspi2                   0x20000460   0x58  Data  Gb  main.o [1]
huart1                  0x2000050c   0x40  Data  Gb  main.o [1]
main                    0x08001bb9  0x146  Code  Gb  main.o [1]
uwTick                  0x2000054c    0x4  Data  Gb  stm32l1xx_hal.o [1]


[1] = C:\Users\Sabooh\Documents\GitHub\sprtmodule\wrking1\sp1ml_tst_v1\EWARM\sp1ml_tst_v1\Obj
[2] = command line
[3] = dl7M_tlf.a
[4] = rt7M_tl.a
[5] = shb_l.a

  8 532 bytes of readonly  code memory
     48 bytes of readonly  data memory
  1 356 bytes of readwrite data memory

Errors: none
Warnings: none
